// Jest Snapshot v1, https://goo.gl/fbAQLP

exports[`The Main App Renders Correctly 1`] = `null`;
